// Jest Snapshot v1, https://goo.gl/fbAQLP

exports[`City admin with data screen Should work as expected to get snapshot 1`] = `
<RCTSafeAreaView
  style={
    [
      {
        "flexBasis": 0,
        "flexGrow": 1,
        "flexShrink": 1,
        "marginBottom": 10,
      },
    ]
  }
>
  <RCTScrollView
    data={
      [
        "655f656dbed03fb0a5baddf0",
      ]
    }
    extraData={
      [
        "655f656dbed03fb0a5baddf0",
      ]
    }
    getItem={[Function]}
    getItemCount={[Function]}
    keyExtractor={[Function]}
    onContentSizeChange={[Function]}
    onLayout={[Function]}
    onMomentumScrollBegin={[Function]}
    onMomentumScrollEnd={[Function]}
    onScroll={[Function]}
    onScrollBeginDrag={[Function]}
    onScrollEndDrag={[Function]}
    removeClippedSubviews={false}
    renderItem={[Function]}
    scrollEventThrottle={0.0001}
    stickyHeaderIndices={[]}
    viewabilityConfigCallbackPairs={[]}
  >
    <View>
      <View
        onFocusCapture={[Function]}
        onLayout={[Function]}
        style={null}
      >
        <View
          style={
            [
              {
                "alignItems": "center",
                "paddingBottom": 10,
                "paddingLeft": 10,
                "paddingRight": 10,
                "paddingTop": 10,
              },
            ]
          }
        >
          <View
            style={
              [
                {
                  "alignItems": "center",
                  "borderRadius": 10,
                  "borderWidth": 1,
                  "flexDirection": "row",
                  "height": 235.41176470588235,
                },
              ]
            }
          >
            <View
              style={
                [
                  {
                    "flexBasis": 0,
                    "flexGrow": 1,
                    "flexShrink": 1,
                  },
                ]
              }
            >
              <Image
                resizeMode="stretch"
                source={
                  {
                    "uri": "https://img.freepik.com/free-photo/los-angeles-downtown-buildings-night_649448-298.jpg?w=1060&t=st=1691142282~exp=1691142882~hmac=9a8088f4cc3274f95a936542763c9011320371fbc6b6534ee5f2d6e4108d8895",
                  }
                }
                style={
                  [
                    {
                      "borderBottomLeftRadius": 10,
                      "borderTopLeftRadius": 10,
                      "height": "100%",
                    },
                  ]
                }
              />
            </View>
            <View
              style={
                [
                  {
                    "flexBasis": 0,
                    "flexGrow": 1,
                    "flexShrink": 1,
                    "paddingBottom": 5,
                    "paddingLeft": 5,
                    "paddingRight": 5,
                    "paddingTop": 5,
                  },
                ]
              }
            >
              <Text
                numberOfLines={1}
                style={
                  [
                    {
                      "color": "#0e3f6c",
                      "fontFamily": "Avenir",
                      "fontSize": 39.23529411764706,
                      "fontWeight": "900",
                    },
                  ]
                }
              >
                San Francisco
              </Text>
              <Text
                numberOfLines={1}
                style={
                  [
                    {
                      "color": "#0e3f6c",
                      "fontFamily": "Avenir",
                      "fontSize": 39.23529411764706,
                      "fontWeight": "900",
                    },
                  ]
                }
              >
                California
              </Text>
              <Text
                style={
                  [
                    {
                      "color": "#0e3f6c",
                      "fontFamily": "Avenir",
                      "fontSize": 16,
                      "fontWeight": "400",
                    },
                  ]
                }
              >
                United State Of America
              </Text>
            </View>
            <View
              style={
                [
                  {
                    "flexDirection": "row",
                  },
                ]
              }
            >
              <View
                accessibilityLabel="CityEditFormTestId"
                accessibilityState={
                  {
                    "busy": undefined,
                    "checked": undefined,
                    "disabled": undefined,
                    "expanded": undefined,
                    "selected": undefined,
                  }
                }
                accessibilityValue={
                  {
                    "max": undefined,
                    "min": undefined,
                    "now": undefined,
                    "text": undefined,
                  }
                }
                accessible={true}
                collapsable={false}
                focusable={true}
                onClick={[Function]}
                onResponderGrant={[Function]}
                onResponderMove={[Function]}
                onResponderRelease={[Function]}
                onResponderTerminate={[Function]}
                onResponderTerminationRequest={[Function]}
                onStartShouldSetResponder={[Function]}
                style={
                  {
                    "alignItems": "center",
                    "backgroundColor": "transparent",
                    "borderRadius": 0,
                    "opacity": 1,
                    "paddingBottom": 15,
                    "paddingLeft": 15,
                    "paddingRight": 15,
                    "paddingTop": 15,
                  }
                }
                testID="CityEditFormTestId"
              >
                <Text
                  allowFontScaling={false}
                  selectable={false}
                  style={
                    [
                      {
                        "color": undefined,
                        "fontSize": 25,
                      },
                      undefined,
                      {
                        "fontFamily": "FontAwesome",
                        "fontStyle": "normal",
                        "fontWeight": "normal",
                      },
                      {},
                    ]
                  }
                >
                  
                </Text>
              </View>
              <View
                accessibilityLabel="CityDeleteFormTestId"
                accessibilityState={
                  {
                    "busy": undefined,
                    "checked": undefined,
                    "disabled": undefined,
                    "expanded": undefined,
                    "selected": undefined,
                  }
                }
                accessibilityValue={
                  {
                    "max": undefined,
                    "min": undefined,
                    "now": undefined,
                    "text": undefined,
                  }
                }
                accessible={true}
                collapsable={false}
                focusable={true}
                onClick={[Function]}
                onResponderGrant={[Function]}
                onResponderMove={[Function]}
                onResponderRelease={[Function]}
                onResponderTerminate={[Function]}
                onResponderTerminationRequest={[Function]}
                onStartShouldSetResponder={[Function]}
                style={
                  {
                    "alignItems": "center",
                    "backgroundColor": "transparent",
                    "borderRadius": 0,
                    "opacity": 1,
                    "paddingBottom": 15,
                    "paddingLeft": 15,
                    "paddingRight": 15,
                    "paddingTop": 15,
                  }
                }
                testID="CityDeleteFormTestId"
              >
                <Text
                  allowFontScaling={false}
                  selectable={false}
                  style={
                    [
                      {
                        "color": undefined,
                        "fontSize": 25,
                      },
                      undefined,
                      {
                        "fontFamily": "FontAwesome",
                        "fontStyle": "normal",
                        "fontWeight": "normal",
                      },
                      {},
                    ]
                  }
                >
                  
                </Text>
              </View>
            </View>
          </View>
        </View>
      </View>
    </View>
  </RCTScrollView>
  <View
    collapsable={false}
    style={
      {
        "alignItems": "center",
        "borderRadius": 28,
        "bottom": 0,
        "flexDirection": "row",
        "justifyContent": "center",
        "margin": 16,
        "opacity": 1,
        "position": "absolute",
        "right": 0,
        "transform": [
          {
            "scale": 1,
          },
        ],
      }
    }
  >
    <View
      style={
        [
          {
            "borderRadius": 3,
            "overflow": "hidden",
          },
          {
            "borderRadius": 3,
          },
          {
            "borderRadius": 28,
            "elevation": 4,
          },
          false,
        ]
      }
    >
      <View
        accessibilityLabel="CityCreateButtonTestId"
        accessibilityRole="button"
        accessibilityState={
          {
            "busy": false,
            "checked": undefined,
            "disabled": false,
            "expanded": undefined,
            "selected": undefined,
          }
        }
        accessibilityValue={
          {
            "max": undefined,
            "min": undefined,
            "now": undefined,
            "text": undefined,
          }
        }
        accessible={true}
        collapsable={false}
        focusable={true}
        onClick={[Function]}
        onResponderGrant={[Function]}
        onResponderMove={[Function]}
        onResponderRelease={[Function]}
        onResponderTerminate={[Function]}
        onResponderTerminationRequest={[Function]}
        onStartShouldSetResponder={[Function]}
        style={
          {
            "opacity": 1,
          }
        }
        testID="CityCreateButtonTestId"
      >
        <View
          style={
            {
              "alignItems": "center",
              "backgroundColor": "#ca71eb",
              "borderColor": "#2089dc",
              "borderRadius": 3,
              "borderWidth": 0,
              "flexDirection": "row",
              "height": 48,
              "justifyContent": "center",
              "padding": 8,
              "paddingHorizontal": 16,
            }
          }
        >
          <Text
            style={
              {
                "color": "#ffffff",
                "fontSize": 18,
                "marginHorizontal": 8,
                "paddingVertical": 1,
                "textAlign": "center",
              }
            }
          >
            Create
          </Text>
        </View>
      </View>
    </View>
  </View>
</RCTSafeAreaView>
`;
