// Jest Snapshot v1, https://goo.gl/fbAQLP

exports[`Popular Card Component Should work as expected to get snapshot 1`] = `
<View
  style={
    [
      {
        "alignSelf": "stretch",
        "borderColor": "#E6E6E6",
        "borderRadius": 10,
        "borderWidth": 1,
        "flexBasis": 0,
        "flexDirection": "row",
        "flexGrow": 1,
        "flexShrink": 1,
        "marginTop": 20,
      },
    ]
  }
>
  <View
    style={
      [
        {
          "flexBasis": 0,
          "flexGrow": 1,
          "flexShrink": 1,
        },
      ]
    }
  >
    <Image
      resizeMode="stretch"
      source={
        {
          "uri": "",
        }
      }
      style={
        [
          {
            "borderBottomLeftRadius": 10,
            "borderTopLeftRadius": 10,
            "flexBasis": 0,
            "flexGrow": 1,
            "flexShrink": 1,
            "height": 100,
          },
        ]
      }
    />
  </View>
  <View
    style={
      [
        {
          "flexBasis": 0,
          "flexGrow": 3,
          "flexShrink": 1,
          "marginBottom": 5,
          "marginTop": 5,
        },
      ]
    }
  >
    <View
      style={
        [
          {
            "flexDirection": "row",
            "paddingBottom": 5,
            "paddingLeft": 5,
            "paddingRight": 5,
            "paddingTop": 5,
          },
        ]
      }
    >
      <Text
        style={
          [
            {
              "color": "#03606A",
              "fontFamily": "Avenir",
              "fontSize": 16,
              "fontWeight": "900",
            },
          ]
        }
      >
         
        <Text
          style={
            [
              {
                "color": "#0e3f6c",
                "fontFamily": "Avenir",
                "fontSize": 12,
                "fontWeight": "500",
              },
            ]
          }
        />
      </Text>
    </View>
    <View
      style={
        [
          {
            "flexDirection": "row",
            "paddingBottom": 5,
            "paddingLeft": 5,
            "paddingRight": 5,
            "paddingTop": 5,
          },
        ]
      }
    >
      <View
        style={
          [
            {
              "flexBasis": 0,
              "flexGrow": 1,
              "flexShrink": 1,
            },
          ]
        }
      >
        <Text
          style={
            [
              {
                "color": "#0e3f6c",
                "fontFamily": "Avenir",
                "fontSize": 14,
                "fontWeight": "900",
              },
            ]
          }
        >
          test
           
          <Text
            style={
              [
                {
                  "color": "#0e3f6c",
                  "fontFamily": "Avenir",
                  "fontSize": 12,
                  "fontWeight": "500",
                },
              ]
            }
          >
            Matches
          </Text>
        </Text>
      </View>
      <Text
        style={
          [
            {
              "color": "#000000",
              "fontFamily": "Avenir",
              "fontSize": 16,
              "fontWeight": "900",
            },
          ]
        }
      >
        $100
      </Text>
      <View
        style={
          [
            {
              "alignSelf": "flex-end",
              "flexDirection": "row",
            },
          ]
        }
      >
        <Text
          style={
            [
              {
                "color": "#000000",
                "fontFamily": "Avenir",
                "fontSize": 12,
                "fontWeight": "400",
              },
            ]
          }
        >
           /wk
        </Text>
      </View>
    </View>
  </View>
</View>
`;
