// Jest Snapshot v1, https://goo.gl/fbAQLP

exports[`Text Component Should work as expected to get snapshot 1`] = `
<Text
  style={
    [
      {
        "color": "#0e3f6c",
        "fontFamily": "Avenir",
        "fontSize": 16,
        "fontWeight": "400",
      },
    ]
  }
/>
`;
