// Jest Snapshot v1, https://goo.gl/fbAQLP

exports[`Form Dropdown Controller Component Should work as expected to get snapshot 1`] = `null`;
