// Jest Snapshot v1, https://goo.gl/fbAQLP

exports[`On boarding bankInfo Screen Should work as expected to get snapshot 1`] = `
<View
  style={
    [
      {
        "flexBasis": 0,
        "flexGrow": 1,
        "flexShrink": 1,
        "marginBottom": 10,
        "marginLeft": 10,
        "marginRight": 10,
        "marginTop": 10,
      },
    ]
  }
>
  <View
    style={
      [
        {
          "flexBasis": 0,
          "flexGrow": 1,
          "flexShrink": 1,
          "marginBottom": 10,
          "marginLeft": 10,
          "marginRight": 10,
          "marginTop": 10,
        },
      ]
    }
  >
    <View
      style={
        [
          {
            "paddingBottom": 10,
            "paddingLeft": 10,
            "paddingRight": 10,
            "paddingTop": 10,
          },
        ]
      }
    />
    <View
      style={
        [
          {
            "paddingBottom": 10,
            "paddingLeft": 10,
            "paddingRight": 10,
            "paddingTop": 10,
          },
        ]
      }
    />
    <View
      style={
        [
          {
            "marginBottom": 20,
            "marginTop": 10,
          },
        ]
      }
    />
  </View>
  <View
    style={
      [
        {
          "marginBottom": 30,
        },
      ]
    }
  >
    <View
      style={
        [
          {
            "flexDirection": "row",
          },
        ]
      }
    >
      <View
        border={10}
        borderc="#99E1E1"
        borderw={2}
        style={
          [
            {
              "borderColor": "#99E1E1",
              "borderRadius": 10,
              "borderWidth": 2,
              "flexBasis": 0,
              "flexGrow": 1,
              "flexShrink": 1,
            },
          ]
        }
      >
        <View
          accessibilityLabel="BankInfoPreviousButtonTestId"
          accessibilityState={
            {
              "busy": undefined,
              "checked": undefined,
              "disabled": undefined,
              "expanded": undefined,
              "selected": undefined,
            }
          }
          accessibilityValue={
            {
              "max": undefined,
              "min": undefined,
              "now": undefined,
              "text": undefined,
            }
          }
          accessible={true}
          collapsable={false}
          focusable={true}
          onClick={[Function]}
          onResponderGrant={[Function]}
          onResponderMove={[Function]}
          onResponderRelease={[Function]}
          onResponderTerminate={[Function]}
          onResponderTerminationRequest={[Function]}
          onStartShouldSetResponder={[Function]}
          style={
            {
              "alignItems": "center",
              "backgroundColor": "#d6f3f3",
              "borderRadius": 10,
              "opacity": 1,
              "paddingBottom": 15,
              "paddingLeft": 15,
              "paddingRight": 15,
              "paddingTop": 15,
            }
          }
          testID="BankInfoPreviousButtonTestId"
        >
          <Text
            style={
              [
                {
                  "color": "#03606A",
                  "fontFamily": "Avenir",
                  "fontSize": 15,
                  "fontWeight": "500",
                },
              ]
            }
          >
            Previous
          </Text>
        </View>
      </View>
      <View
        style={
          [
            {
              "marginRight": 5,
            },
          ]
        }
      />
      <View
        border={10}
        borderc="#99E1E1"
        borderw={2}
        style={
          [
            {
              "borderColor": "#99E1E1",
              "borderRadius": 10,
              "borderWidth": 2,
              "flexBasis": 0,
              "flexGrow": 1,
              "flexShrink": 1,
            },
          ]
        }
      >
        <View
          accessibilityLabel="BankInfoNextButtonTestId"
          accessibilityState={
            {
              "busy": undefined,
              "checked": undefined,
              "disabled": undefined,
              "expanded": undefined,
              "selected": undefined,
            }
          }
          accessibilityValue={
            {
              "max": undefined,
              "min": undefined,
              "now": undefined,
              "text": undefined,
            }
          }
          accessible={true}
          collapsable={false}
          focusable={true}
          onClick={[Function]}
          onResponderGrant={[Function]}
          onResponderMove={[Function]}
          onResponderRelease={[Function]}
          onResponderTerminate={[Function]}
          onResponderTerminationRequest={[Function]}
          onStartShouldSetResponder={[Function]}
          style={
            {
              "alignItems": "center",
              "backgroundColor": "#d6f3f3",
              "borderRadius": 10,
              "opacity": 1,
              "paddingBottom": 15,
              "paddingLeft": 15,
              "paddingRight": 15,
              "paddingTop": 15,
            }
          }
          testID="BankInfoNextButtonTestId"
        >
          <Text
            style={
              [
                {
                  "color": "#03606A",
                  "fontFamily": "Avenir",
                  "fontSize": 15,
                  "fontWeight": "500",
                },
              ]
            }
          >
            Next
          </Text>
        </View>
      </View>
    </View>
  </View>
</View>
`;
