// Jest Snapshot v1, https://goo.gl/fbAQLP

exports[`Popular List Template Component Should work as expected to get snapshot 1`] = `
<View
  style={
    [
      {
        "alignItems": "center",
        "alignSelf": "center",
        "flexBasis": 0,
        "flexGrow": 1,
        "flexShrink": 1,
        "justifyContent": "center",
      },
    ]
  }
>
  <RCTSafeAreaView
    style={
      [
        {},
      ]
    }
  >
    <View
      alignType="center"
      style={
        [
          {
            "alignItems": "center",
            "alignSelf": "center",
            "flexDirection": "column",
          },
        ]
      }
    >
      <Image
        resizeMode="contain"
        size={150}
        source={
          {
            "testUri": "../../../src/assets/pcitiesempty.png",
          }
        }
        style={
          [
            {
              "height": 294.2647058823529,
              "width": 294.2647058823529,
            },
          ]
        }
      />
      <Text
        style={
          [
            {
              "color": "#000000",
              "fontFamily": "Avenir",
              "fontSize": 16,
              "fontWeight": "400",
            },
          ]
        }
      >
        No cities matches your preferred locations
      </Text>
    </View>
  </RCTSafeAreaView>
</View>
`;
