// Jest Snapshot v1, https://goo.gl/fbAQLP

exports[`AuthNavigation 1`] = `null`;
