// Jest Snapshot v1, https://goo.gl/fbAQLP

exports[`Bottomtabnavigation 1`] = `null`;
