// Jest Snapshot v1, https://goo.gl/fbAQLP

exports[`Company admin empty screen Should work as expected to get snapshot 1`] = `
<RCTSafeAreaView
  style={
    [
      {
        "flexBasis": 0,
        "flexGrow": 1,
        "flexShrink": 1,
        "marginBottom": 10,
      },
    ]
  }
>
  <RCTScrollView
    getItem={[Function]}
    getItemCount={[Function]}
    keyExtractor={[Function]}
    onContentSizeChange={[Function]}
    onLayout={[Function]}
    onMomentumScrollBegin={[Function]}
    onMomentumScrollEnd={[Function]}
    onScroll={[Function]}
    onScrollBeginDrag={[Function]}
    onScrollEndDrag={[Function]}
    removeClippedSubviews={false}
    renderItem={[Function]}
    scrollEventThrottle={0.0001}
    stickyHeaderIndices={[]}
    viewabilityConfigCallbackPairs={[]}
  >
    <View />
  </RCTScrollView>
  <View
    collapsable={false}
    style={
      {
        "alignItems": "center",
        "borderRadius": 28,
        "bottom": 0,
        "flexDirection": "row",
        "justifyContent": "center",
        "margin": 16,
        "opacity": 1,
        "position": "absolute",
        "right": 0,
        "transform": [
          {
            "scale": 1,
          },
        ],
      }
    }
  >
    <View
      style={
        [
          {
            "borderRadius": 3,
            "overflow": "hidden",
          },
          {
            "borderRadius": 3,
          },
          {
            "borderRadius": 28,
            "elevation": 4,
          },
          false,
        ]
      }
    >
      <View
        accessibilityLabel="CompanyCreateButtonTestId"
        accessibilityRole="button"
        accessibilityState={
          {
            "busy": false,
            "checked": undefined,
            "disabled": false,
            "expanded": undefined,
            "selected": undefined,
          }
        }
        accessibilityValue={
          {
            "max": undefined,
            "min": undefined,
            "now": undefined,
            "text": undefined,
          }
        }
        accessible={true}
        collapsable={false}
        focusable={true}
        onClick={[Function]}
        onResponderGrant={[Function]}
        onResponderMove={[Function]}
        onResponderRelease={[Function]}
        onResponderTerminate={[Function]}
        onResponderTerminationRequest={[Function]}
        onStartShouldSetResponder={[Function]}
        style={
          {
            "opacity": 1,
          }
        }
        testID="CompanyCreateButtonTestId"
      >
        <View
          style={
            {
              "alignItems": "center",
              "backgroundColor": "#ca71eb",
              "borderColor": "#2089dc",
              "borderRadius": 3,
              "borderWidth": 0,
              "flexDirection": "row",
              "height": 48,
              "justifyContent": "center",
              "padding": 8,
              "paddingHorizontal": 16,
            }
          }
        >
          <Text
            style={
              {
                "color": "#ffffff",
                "fontSize": 18,
                "marginHorizontal": 8,
                "paddingVertical": 1,
                "textAlign": "center",
              }
            }
          >
            Create
          </Text>
        </View>
      </View>
    </View>
  </View>
</RCTSafeAreaView>
`;
